Start Mela constructor
Create symlinks to the required files if these are not already present:
	- MELA package path: /afs/cern.ch/work/u/usarica/scratch-ZZdevelopment/CJLST_4l/CMSSW_8_0_8/src/ZZMatrixElement/MELA/
	- MCFM symlinks are done
	- PDF symlinks are done
Create variables used in anaMELA
Create anaMELA PDF factories
Paths for newZZMatrixElement
	- Cross section/width file: /afs/cern.ch/work/u/usarica/scratch-ZZdevelopment/CJLST_4l/CMSSW_8_0_8/src/ZZMatrixElement/MELA/data/HiggsTotalWidth_YR3.txt
	- Linking NNPDF path /afs/cern.ch/work/u/usarica/scratch-ZZdevelopment/CJLST_4l/CMSSW_8_0_8/src/ZZMatrixElement/MELA/data/Pdfdata/NNPDF30_lo_as_0130.LHgrid -> Pdfdata/NNPDF30_lo_as_0130.LHgrid
Start newZZMatrixElement
Begin TEvtProb constructor
TEvtProb::TEvtProb: HXS successful
Begin TEvtProb::InitializeMCFM
TEvtProb::TEvtProb: mcfm_init successful
End TEvtProb::InitializeMCFM
Begin TEvtProb::InitializeJHUGen
End TEvtProb::InitializeJHUGen
Begin TEvtProb::CrossInitialize
TEvtProb::TEvtProb: Initializing the PDF with initial Q=91.2, nloops=1, nf=5
TEvtProb::SetHiggsMass(125, -1, -1):
	hmass: 125, 0.00407
	h2mass: -1, 0
	MCFM hmass: 125, 0.00407
	MCFM h2mass: -1, 0
End TEvtProb::CrossInitialize
End TEvtProb constructor
Begin newZZMatrixElement constructor
TEvtProb::SetHiggsMass(125, -1, -1):
	hmass: 125, 0.00407
	h2mass: -1, 0
	MCFM hmass: 125, 0.00407
	MCFM h2mass: -1, 0
End newZZMatrixElement constructor
Set newZZMatrixElement masses
TEvtProb::SetHiggsMass(125, -1, -1):
	hmass: 125, 0.00407
	h2mass: -1, 0
	MCFM hmass: 125, 0.00407
	MCFM h2mass: -1, 0
Begin Mela::getPConstantHandles
Begin Mela::getPConstantHandle
Mela::getPConstantHandle: relpath and spline name: pAvgSmooth_JHUGen_JJQCD_HSMHiggs_13TeV, P_ConserveDifermionMass
Mela::getPConstantHandle: path and spline name: /afs/cern.ch/work/u/usarica/scratch-ZZdevelopment/CJLST_4l/CMSSW_8_0_8/src/ZZMatrixElement/MELA/data/, P_ConserveDifermionMass
Mela::getPConstantHandle: Full path and spline name: /afs/cern.ch/work/u/usarica/scratch-ZZdevelopment/CJLST_4l/CMSSW_8_0_8/src/ZZMatrixElement/MELA/data/pAvgSmooth_JHUGen_JJQCD_HSMHiggs_13TeV.root, P_ConserveDifermionMass
End Mela::getPConstantHandle
Begin Mela::getPConstantHandle
Mela::getPConstantHandle: relpath and spline name: pAvgSmooth_JHUGen_JJQCD_HSMHiggs_13TeV, P_MomentumToEnergy
Mela::getPConstantHandle: path and spline name: /afs/cern.ch/work/u/usarica/scratch-ZZdevelopment/CJLST_4l/CMSSW_8_0_8/src/ZZMatrixElement/MELA/data/, P_MomentumToEnergy
Mela::getPConstantHandle: Full path and spline name: /afs/cern.ch/work/u/usarica/scratch-ZZdevelopment/CJLST_4l/CMSSW_8_0_8/src/ZZMatrixElement/MELA/data/pAvgSmooth_JHUGen_JJQCD_HSMHiggs_13TeV.root, P_MomentumToEnergy
End Mela::getPConstantHandle
Begin Mela::getPConstantHandle
Mela::getPConstantHandle: relpath and spline name: pAvgSmooth_JHUGen_JJVBF_HSMHiggs_13TeV, P_ConserveDifermionMass
Mela::getPConstantHandle: path and spline name: /afs/cern.ch/work/u/usarica/scratch-ZZdevelopment/CJLST_4l/CMSSW_8_0_8/src/ZZMatrixElement/MELA/data/, P_ConserveDifermionMass
Mela::getPConstantHandle: Full path and spline name: /afs/cern.ch/work/u/usarica/scratch-ZZdevelopment/CJLST_4l/CMSSW_8_0_8/src/ZZMatrixElement/MELA/data/pAvgSmooth_JHUGen_JJVBF_HSMHiggs_13TeV.root, P_ConserveDifermionMass
End Mela::getPConstantHandle
Begin Mela::getPConstantHandle
Mela::getPConstantHandle: relpath and spline name: pAvgSmooth_JHUGen_JJVBF_HSMHiggs_13TeV, P_MomentumToEnergy
Mela::getPConstantHandle: path and spline name: /afs/cern.ch/work/u/usarica/scratch-ZZdevelopment/CJLST_4l/CMSSW_8_0_8/src/ZZMatrixElement/MELA/data/, P_MomentumToEnergy
Mela::getPConstantHandle: Full path and spline name: /afs/cern.ch/work/u/usarica/scratch-ZZdevelopment/CJLST_4l/CMSSW_8_0_8/src/ZZMatrixElement/MELA/data/pAvgSmooth_JHUGen_JJVBF_HSMHiggs_13TeV.root, P_MomentumToEnergy
End Mela::getPConstantHandle
Begin Mela::getPConstantHandle
Mela::getPConstantHandle: relpath and spline name: pAvgSmooth_JHUGen_JQCD_HSMHiggs_13TeV, P_ConserveDifermionMass
Mela::getPConstantHandle: path and spline name: /afs/cern.ch/work/u/usarica/scratch-ZZdevelopment/CJLST_4l/CMSSW_8_0_8/src/ZZMatrixElement/MELA/data/, P_ConserveDifermionMass
Mela::getPConstantHandle: Full path and spline name: /afs/cern.ch/work/u/usarica/scratch-ZZdevelopment/CJLST_4l/CMSSW_8_0_8/src/ZZMatrixElement/MELA/data/pAvgSmooth_JHUGen_JQCD_HSMHiggs_13TeV.root, P_ConserveDifermionMass
End Mela::getPConstantHandle
Begin Mela::getPConstantHandle
Mela::getPConstantHandle: relpath and spline name: pAvgSmooth_JHUGen_JQCD_HSMHiggs_13TeV, P_MomentumToEnergy
Mela::getPConstantHandle: path and spline name: /afs/cern.ch/work/u/usarica/scratch-ZZdevelopment/CJLST_4l/CMSSW_8_0_8/src/ZZMatrixElement/MELA/data/, P_MomentumToEnergy
Mela::getPConstantHandle: Full path and spline name: /afs/cern.ch/work/u/usarica/scratch-ZZdevelopment/CJLST_4l/CMSSW_8_0_8/src/ZZMatrixElement/MELA/data/pAvgSmooth_JHUGen_JQCD_HSMHiggs_13TeV.root, P_MomentumToEnergy
End Mela::getPConstantHandle
Begin Mela::getPConstantHandle
Mela::getPConstantHandle: relpath and spline name: pAvgSmooth_JHUGen_JJQCD_HSMHiggs_13TeV, P_ConserveDifermionMass
Mela::getPConstantHandle: path and spline name: /afs/cern.ch/work/u/usarica/scratch-ZZdevelopment/CJLST_4l/CMSSW_8_0_8/src/ZZMatrixElement/MELA/data/, P_ConserveDifermionMass
Mela::getPConstantHandle: Full path and spline name: /afs/cern.ch/work/u/usarica/scratch-ZZdevelopment/CJLST_4l/CMSSW_8_0_8/src/ZZMatrixElement/MELA/data/pAvgSmooth_JHUGen_JJQCD_HSMHiggs_13TeV.root, P_ConserveDifermionMass
End Mela::getPConstantHandle
Begin Mela::getPConstantHandle
Mela::getPConstantHandle: relpath and spline name: pAvgSmooth_JHUGen_JJQCD_HSMHiggs_13TeV, P_MomentumToEnergy
Mela::getPConstantHandle: path and spline name: /afs/cern.ch/work/u/usarica/scratch-ZZdevelopment/CJLST_4l/CMSSW_8_0_8/src/ZZMatrixElement/MELA/data/, P_MomentumToEnergy
Mela::getPConstantHandle: Full path and spline name: /afs/cern.ch/work/u/usarica/scratch-ZZdevelopment/CJLST_4l/CMSSW_8_0_8/src/ZZMatrixElement/MELA/data/pAvgSmooth_JHUGen_JJQCD_HSMHiggs_13TeV.root, P_MomentumToEnergy
End Mela::getPConstantHandle
Begin Mela::getPConstantHandle
Mela::getPConstantHandle: relpath and spline name: pAvgSmooth_JHUGen_JJVBF_HSMHiggs_13TeV, P_ConserveDifermionMass
Mela::getPConstantHandle: path and spline name: /afs/cern.ch/work/u/usarica/scratch-ZZdevelopment/CJLST_4l/CMSSW_8_0_8/src/ZZMatrixElement/MELA/data/, P_ConserveDifermionMass
Mela::getPConstantHandle: Full path and spline name: /afs/cern.ch/work/u/usarica/scratch-ZZdevelopment/CJLST_4l/CMSSW_8_0_8/src/ZZMatrixElement/MELA/data/pAvgSmooth_JHUGen_JJVBF_HSMHiggs_13TeV.root, P_ConserveDifermionMass
End Mela::getPConstantHandle
Begin Mela::getPConstantHandle
Mela::getPConstantHandle: relpath and spline name: pAvgSmooth_JHUGen_JJVBF_HSMHiggs_13TeV, P_MomentumToEnergy
Mela::getPConstantHandle: path and spline name: /afs/cern.ch/work/u/usarica/scratch-ZZdevelopment/CJLST_4l/CMSSW_8_0_8/src/ZZMatrixElement/MELA/data/, P_MomentumToEnergy
Mela::getPConstantHandle: Full path and spline name: /afs/cern.ch/work/u/usarica/scratch-ZZdevelopment/CJLST_4l/CMSSW_8_0_8/src/ZZMatrixElement/MELA/data/pAvgSmooth_JHUGen_JJVBF_HSMHiggs_13TeV.root, P_MomentumToEnergy
End Mela::getPConstantHandle
Begin Mela::getPConstantHandle
Mela::getPConstantHandle: relpath and spline name: pAvgSmooth_JHUGen_JQCD_HSMHiggs_13TeV, P_ConserveDifermionMass
Mela::getPConstantHandle: path and spline name: /afs/cern.ch/work/u/usarica/scratch-ZZdevelopment/CJLST_4l/CMSSW_8_0_8/src/ZZMatrixElement/MELA/data/, P_ConserveDifermionMass
Mela::getPConstantHandle: Full path and spline name: /afs/cern.ch/work/u/usarica/scratch-ZZdevelopment/CJLST_4l/CMSSW_8_0_8/src/ZZMatrixElement/MELA/data/pAvgSmooth_JHUGen_JQCD_HSMHiggs_13TeV.root, P_ConserveDifermionMass
End Mela::getPConstantHandle
Begin Mela::getPConstantHandle
Mela::getPConstantHandle: relpath and spline name: pAvgSmooth_JHUGen_JQCD_HSMHiggs_13TeV, P_MomentumToEnergy
Mela::getPConstantHandle: path and spline name: /afs/cern.ch/work/u/usarica/scratch-ZZdevelopment/CJLST_4l/CMSSW_8_0_8/src/ZZMatrixElement/MELA/data/, P_MomentumToEnergy
Mela::getPConstantHandle: Full path and spline name: /afs/cern.ch/work/u/usarica/scratch-ZZdevelopment/CJLST_4l/CMSSW_8_0_8/src/ZZMatrixElement/MELA/data/pAvgSmooth_JHUGen_JQCD_HSMHiggs_13TeV.root, P_MomentumToEnergy
End Mela::getPConstantHandle
Begin Mela::getPConstantHandle
Mela::getPConstantHandle: relpath and spline name: pAvgSmooth_MCFM_JJQCD_bkgZJets_13TeV_2l2q, P_ConserveDifermionMass
Mela::getPConstantHandle: path and spline name: /afs/cern.ch/work/u/usarica/scratch-ZZdevelopment/CJLST_4l/CMSSW_8_0_8/src/ZZMatrixElement/MELA/data/, P_ConserveDifermionMass
Mela::getPConstantHandle: Full path and spline name: /afs/cern.ch/work/u/usarica/scratch-ZZdevelopment/CJLST_4l/CMSSW_8_0_8/src/ZZMatrixElement/MELA/data/pAvgSmooth_MCFM_JJQCD_bkgZJets_13TeV_2l2q.root, P_ConserveDifermionMass
End Mela::getPConstantHandle
Begin Mela::getPConstantHandle
Mela::getPConstantHandle: relpath and spline name: pAvgSmooth_JHUGen_ZZGG_HSMHiggs, P_ConserveDifermionMass_4mu
Mela::getPConstantHandle: path and spline name: /afs/cern.ch/work/u/usarica/scratch-ZZdevelopment/CJLST_4l/CMSSW_8_0_8/src/ZZMatrixElement/MELA/data/, P_ConserveDifermionMass_4mu
Mela::getPConstantHandle: Full path and spline name: /afs/cern.ch/work/u/usarica/scratch-ZZdevelopment/CJLST_4l/CMSSW_8_0_8/src/ZZMatrixElement/MELA/data/pAvgSmooth_JHUGen_ZZGG_HSMHiggs.root, P_ConserveDifermionMass_4mu
End Mela::getPConstantHandle
Begin Mela::getPConstantHandle
Mela::getPConstantHandle: relpath and spline name: pAvgSmooth_JHUGen_ZZGG_HSMHiggs, P_ConserveDifermionMass_4e
Mela::getPConstantHandle: path and spline name: /afs/cern.ch/work/u/usarica/scratch-ZZdevelopment/CJLST_4l/CMSSW_8_0_8/src/ZZMatrixElement/MELA/data/, P_ConserveDifermionMass_4e
Mela::getPConstantHandle: Full path and spline name: /afs/cern.ch/work/u/usarica/scratch-ZZdevelopment/CJLST_4l/CMSSW_8_0_8/src/ZZMatrixElement/MELA/data/pAvgSmooth_JHUGen_ZZGG_HSMHiggs.root, P_ConserveDifermionMass_4e
End Mela::getPConstantHandle
Begin Mela::getPConstantHandle
Mela::getPConstantHandle: relpath and spline name: pAvgSmooth_JHUGen_ZZGG_HSMHiggs, P_ConserveDifermionMass_2mu2e
Mela::getPConstantHandle: path and spline name: /afs/cern.ch/work/u/usarica/scratch-ZZdevelopment/CJLST_4l/CMSSW_8_0_8/src/ZZMatrixElement/MELA/data/, P_ConserveDifermionMass_2mu2e
Mela::getPConstantHandle: Full path and spline name: /afs/cern.ch/work/u/usarica/scratch-ZZdevelopment/CJLST_4l/CMSSW_8_0_8/src/ZZMatrixElement/MELA/data/pAvgSmooth_JHUGen_ZZGG_HSMHiggs.root, P_ConserveDifermionMass_2mu2e
End Mela::getPConstantHandle
Begin Mela::getPConstantHandle
Mela::getPConstantHandle: relpath and spline name: pAvgSmooth_MCFM_ZZGG_HSMHiggs, P_ConserveDifermionMass_4mu
Mela::getPConstantHandle: path and spline name: /afs/cern.ch/work/u/usarica/scratch-ZZdevelopment/CJLST_4l/CMSSW_8_0_8/src/ZZMatrixElement/MELA/data/, P_ConserveDifermionMass_4mu
Mela::getPConstantHandle: Full path and spline name: /afs/cern.ch/work/u/usarica/scratch-ZZdevelopment/CJLST_4l/CMSSW_8_0_8/src/ZZMatrixElement/MELA/data/pAvgSmooth_MCFM_ZZGG_HSMHiggs.root, P_ConserveDifermionMass_4mu
End Mela::getPConstantHandle
Begin Mela::getPConstantHandle
Mela::getPConstantHandle: relpath and spline name: pAvgSmooth_MCFM_ZZGG_HSMHiggs, P_ConserveDifermionMass_4e
Mela::getPConstantHandle: path and spline name: /afs/cern.ch/work/u/usarica/scratch-ZZdevelopment/CJLST_4l/CMSSW_8_0_8/src/ZZMatrixElement/MELA/data/, P_ConserveDifermionMass_4e
Mela::getPConstantHandle: Full path and spline name: /afs/cern.ch/work/u/usarica/scratch-ZZdevelopment/CJLST_4l/CMSSW_8_0_8/src/ZZMatrixElement/MELA/data/pAvgSmooth_MCFM_ZZGG_HSMHiggs.root, P_ConserveDifermionMass_4e
End Mela::getPConstantHandle
Begin Mela::getPConstantHandle
Mela::getPConstantHandle: relpath and spline name: pAvgSmooth_MCFM_ZZGG_HSMHiggs, P_ConserveDifermionMass_2mu2e
Mela::getPConstantHandle: path and spline name: /afs/cern.ch/work/u/usarica/scratch-ZZdevelopment/CJLST_4l/CMSSW_8_0_8/src/ZZMatrixElement/MELA/data/, P_ConserveDifermionMass_2mu2e
Mela::getPConstantHandle: Full path and spline name: /afs/cern.ch/work/u/usarica/scratch-ZZdevelopment/CJLST_4l/CMSSW_8_0_8/src/ZZMatrixElement/MELA/data/pAvgSmooth_MCFM_ZZGG_HSMHiggs.root, P_ConserveDifermionMass_2mu2e
End Mela::getPConstantHandle
Begin Mela::getPConstantHandle
Mela::getPConstantHandle: relpath and spline name: pAvgSmooth_MCFM_ZZGG_bkgZZ, P_ConserveDifermionMass_4mu
Mela::getPConstantHandle: path and spline name: /afs/cern.ch/work/u/usarica/scratch-ZZdevelopment/CJLST_4l/CMSSW_8_0_8/src/ZZMatrixElement/MELA/data/, P_ConserveDifermionMass_4mu
Mela::getPConstantHandle: Full path and spline name: /afs/cern.ch/work/u/usarica/scratch-ZZdevelopment/CJLST_4l/CMSSW_8_0_8/src/ZZMatrixElement/MELA/data/pAvgSmooth_MCFM_ZZGG_bkgZZ.root, P_ConserveDifermionMass_4mu
End Mela::getPConstantHandle
Begin Mela::getPConstantHandle
Mela::getPConstantHandle: relpath and spline name: pAvgSmooth_MCFM_ZZGG_bkgZZ, P_ConserveDifermionMass_4e
Mela::getPConstantHandle: path and spline name: /afs/cern.ch/work/u/usarica/scratch-ZZdevelopment/CJLST_4l/CMSSW_8_0_8/src/ZZMatrixElement/MELA/data/, P_ConserveDifermionMass_4e
Mela::getPConstantHandle: Full path and spline name: /afs/cern.ch/work/u/usarica/scratch-ZZdevelopment/CJLST_4l/CMSSW_8_0_8/src/ZZMatrixElement/MELA/data/pAvgSmooth_MCFM_ZZGG_bkgZZ.root, P_ConserveDifermionMass_4e
End Mela::getPConstantHandle
Begin Mela::getPConstantHandle
Mela::getPConstantHandle: relpath and spline name: pAvgSmooth_MCFM_ZZGG_bkgZZ, P_ConserveDifermionMass_2mu2e
Mela::getPConstantHandle: path and spline name: /afs/cern.ch/work/u/usarica/scratch-ZZdevelopment/CJLST_4l/CMSSW_8_0_8/src/ZZMatrixElement/MELA/data/, P_ConserveDifermionMass_2mu2e
Mela::getPConstantHandle: Full path and spline name: /afs/cern.ch/work/u/usarica/scratch-ZZdevelopment/CJLST_4l/CMSSW_8_0_8/src/ZZMatrixElement/MELA/data/pAvgSmooth_MCFM_ZZGG_bkgZZ.root, P_ConserveDifermionMass_2mu2e
End Mela::getPConstantHandle
Begin Mela::getPConstantHandle
Mela::getPConstantHandle: relpath and spline name: pAvgSmooth_MCFM_ZZQQB_bkgZZ, P_ConserveDifermionMass_4mu
Mela::getPConstantHandle: path and spline name: /afs/cern.ch/work/u/usarica/scratch-ZZdevelopment/CJLST_4l/CMSSW_8_0_8/src/ZZMatrixElement/MELA/data/, P_ConserveDifermionMass_4mu
Mela::getPConstantHandle: Full path and spline name: /afs/cern.ch/work/u/usarica/scratch-ZZdevelopment/CJLST_4l/CMSSW_8_0_8/src/ZZMatrixElement/MELA/data/pAvgSmooth_MCFM_ZZQQB_bkgZZ.root, P_ConserveDifermionMass_4mu
End Mela::getPConstantHandle
Begin Mela::getPConstantHandle
Mela::getPConstantHandle: relpath and spline name: pAvgSmooth_MCFM_ZZQQB_bkgZZ, P_ConserveDifermionMass_4e
Mela::getPConstantHandle: path and spline name: /afs/cern.ch/work/u/usarica/scratch-ZZdevelopment/CJLST_4l/CMSSW_8_0_8/src/ZZMatrixElement/MELA/data/, P_ConserveDifermionMass_4e
Mela::getPConstantHandle: Full path and spline name: /afs/cern.ch/work/u/usarica/scratch-ZZdevelopment/CJLST_4l/CMSSW_8_0_8/src/ZZMatrixElement/MELA/data/pAvgSmooth_MCFM_ZZQQB_bkgZZ.root, P_ConserveDifermionMass_4e
End Mela::getPConstantHandle
Begin Mela::getPConstantHandle
Mela::getPConstantHandle: relpath and spline name: pAvgSmooth_MCFM_ZZQQB_bkgZZ, P_ConserveDifermionMass_2mu2e
Mela::getPConstantHandle: path and spline name: /afs/cern.ch/work/u/usarica/scratch-ZZdevelopment/CJLST_4l/CMSSW_8_0_8/src/ZZMatrixElement/MELA/data/, P_ConserveDifermionMass_2mu2e
Mela::getPConstantHandle: Full path and spline name: /afs/cern.ch/work/u/usarica/scratch-ZZdevelopment/CJLST_4l/CMSSW_8_0_8/src/ZZMatrixElement/MELA/data/pAvgSmooth_MCFM_ZZQQB_bkgZZ.root, P_ConserveDifermionMass_2mu2e
End Mela::getPConstantHandle
End Mela::getPConstantHandles
Start superMELA
Begin SuperMELA::init...
Range width=35
SuperMELA::readSigSystFromFile: Parsing signal shape systematics from input card /afs/cern.ch/work/u/usarica/scratch-ZZdevelopment/CJLST_4l/CMSSW_8_0_8/src/ZZMatrixElement/MELA/data/CombinationInputs/SM_inputs_8TeV/inputs_4mu.txt
mean_CB systematics (ele and mu): 5.37799e-316 / 0.001
sigma_CB systematics (ele and mu): 5.38748e-316 / 0.2
Reading signal shape formulas
Parsing input card /afs/cern.ch/work/u/usarica/scratch-ZZdevelopment/CJLST_4l/CMSSW_8_0_8/src/ZZMatrixElement/MELA/data/CombinationInputs/SM_inputs_8TeV/inputs_4mu.txt
alpha_CB == (-6.83599)+(0.196814*@0)+(-0.00179054*@0*@0)+(7.59602e-06*@0*@0*@0)+(-1.48893e-08*@0*@0*@0*@0)+(1.07477e-11*@0*@0*@0*@0*@0)
alpha2_CB == (-26.1111)+(0.767139*@0)+(-0.00830412*@0*@0)+(4.35986e-05*@0*@0*@0)+(-1.10717e-07*@0*@0*@0*@0)+(1.09256e-10*@0*@0*@0*@0*@0)
n_CB == TMath::Max((24.2026)+(-0.5443*@0)+(0.00517101*@0*@0)+(-2.3485e-05*@0*@0*@0)+(5.07143e-08*@0*@0*@0*@0)+(-4.18694e-11*@0*@0*@0*@0*@0),1)
n2_CB == (20)
mean_CB == (-5.71849)+(0.145626*@0)+(-0.00138862*@0*@0)+(6.03825e-06*@0*@0*@0)+(-1.19684e-08*@0*@0*@0*@0)+(8.75281e-12*@0*@0*@0*@0*@0)
sigma_CB == (-4.56178)+(0.123209*@0)+(-0.00107193*@0*@0)+(4.5413e-06*@0*@0*@0)+(-8.19429e-09*@0*@0*@0*@0)+(4.75955e-12*@0*@0*@0*@0*@0)
Read from input card the following formulas: 
Mean RooFormula (string): (-5.71849)+(0.145626*@0)+(-0.00138862*@0*@0)+(6.03825e-06*@0*@0*@0)+(-1.19684e-08*@0*@0*@0*@0)+(8.75281e-12*@0*@0*@0*@0*@0)
Sigma RooFormula (string): (-4.56178)+(0.123209*@0)+(-0.00107193*@0*@0)+(4.5413e-06*@0*@0*@0)+(-8.19429e-09*@0*@0*@0*@0)+(4.75955e-12*@0*@0*@0*@0*@0)
SuperMELA::init: Constructing n_CB_ from formula TMath::Max((24.2026)+(-0.5443*@0)+(0.00517101*@0*@0)+(-2.3485e-05*@0*@0*@0)+(5.07143e-08*@0*@0*@0*@0)+(-4.18694e-11*@0*@0*@0*@0*@0),1)
SuperMELA::init: Constructing alpha_CB_ from formula (-6.83599)+(0.196814*@0)+(-0.00179054*@0*@0)+(7.59602e-06*@0*@0*@0)+(-1.48893e-08*@0*@0*@0*@0)+(1.07477e-11*@0*@0*@0*@0*@0)
SuperMELA::init: Constructing n2_CB_ from formula (20)
SuperMELA::init: Constructing alpha2_CB_ from formula (-26.1111)+(0.767139*@0)+(-0.00830412*@0*@0)+(4.35986e-05*@0*@0*@0)+(-1.10717e-07*@0*@0*@0*@0)+(1.09256e-10*@0*@0*@0*@0*@0)
Signal Mean vals -> Correction: 0  Mean: -0.0738286  Total: 124.926
Signal shape parameter values: 
Mean (formula value) = 124.926
Sigma (formula value) = 1.10486
n (formula value) = 2.19666
alpha (formula value) = 1.31746
n2 (formula value) = 20
alpha2 (formula value) = 1.48663
Mean BW (realvar value) = 125
Width BW (realvar value) = 1
Value of signal m4l CB shape is 0.99777
Value of signal m4l BW shape is 0.0531392
--- RooAbsArg ---
  Value State: DIRTY
  Shape State: DIRTY
  Attributes: 
  Address: 0x6757860
  Clients: 
  Servers: 
    (0x671d7d0,V-) RooRealVar::CMS_zz4l_mass "CMS_zz4l_mass"
    (0x6751890,--) RooAbsPdf::signalBW_ggH "signalBW_ggH"
    (0x6750740,--) RooAbsPdf::signalCB_ggH "signalCB_ggH"
    (0x410dc60,V-) RooRealVar::CMS_zz4l_mean_BW_sig_4mu_8 "CMS_zz4l_mean_BW"
    (0x410e430,V-) RooRealVar::CMS_zz4l_width_BW_sig_4mu_8 "CMS_zz4l_width_BW"
    (0x7ffe3df44db0,V-) RooRealVar::CMS_zz4l_mean_sig_corrMH "CMS_zz4l_mean_sig_corrMH"
    (0x7ffe3df451d0,V-) RooRealVar::CMS_zz4l_sigma_sig_corrMH "CMS_zz4l_sigma_sig_corrMH"
    (0x671d1a0,V-) RooRealVar::mH "mH"
  Proxies: 
    !x -> CMS_zz4l_mass
    !xprime ->  (empty)
    !pdf1 -> signalBW_ggH
    !pdf2 -> signalCB_ggH
    !params -> 
      1)   CMS_zz4l_mean_BW_sig_4mu_8
      2)  CMS_zz4l_width_BW_sig_4mu_8
      3)     CMS_zz4l_mean_sig_corrMH
      4)    CMS_zz4l_sigma_sig_corrMH
      5)                           mH
    !cacheObs -> 
--- RooAbsReal ---

  Plot label is "signal_ggH"
--- RooAbsPdf ---
Cached value = 0
Value of signal m4l FFT shape is 24.0976
Normalization of signal m4l CB shape is 3.18858

---> Integrating Breit-Wigner:
Normalization of signal m4l BW shape is 7.05127e-06

---> Integrating full signal:
Normalization of signal m4l shape is 827.81
Reading background shape parameters
Parsing input card /afs/cern.ch/work/u/usarica/scratch-ZZdevelopment/CJLST_4l/CMSSW_8_0_8/src/ZZMatrixElement/MELA/data/CombinationInputs/SM_inputs_8TeV/inputs_4mu.txt
Size of vector with bkg shape pars is 14
Param [0]=104.225 [13]=0.0803183
End Mela constructor
Mela is initialized
Mela candidate decay mode initializing
Mela candidate decay mode initialized
Computing Prop(500 GeV) at mass=124.995
TEvtProb::SetHiggsMass(500, -1, -1):
	hmass: 500, 68
	h2mass: -1, 0
	MCFM hmass: 500, 68
	MCFM h2mass: -1, 0
TEvtProb::SetHiggsMass(125, -1, -1):
	hmass: 125, 0.00407
	h2mass: -1, 0
	MCFM hmass: 125, 0.00407
	MCFM h2mass: -1, 0
prop[0]: 1e-08
TEvtProb::SetHiggsMass(500, -1, -1):
	hmass: 500, 68
	h2mass: -1, 0
	MCFM hmass: 500, 68
	MCFM h2mass: -1, 0
TEvtProb::SetHiggsMass(125, -1, -1):
	hmass: 125, 0.00407
	h2mass: -1, 0
	MCFM hmass: 125, 0.00407
	MCFM h2mass: -1, 0
prop[1]: 1.82027e-11
TEvtProb::SetHiggsMass(500, -1, -1):
	hmass: 500, 68
	h2mass: -1, 0
	MCFM hmass: 500, 68
	MCFM h2mass: -1, 0
TEvtProb::SetHiggsMass(125, -1, -1):
	hmass: 125, 0.00407
	h2mass: -1, 0
	MCFM hmass: 125, 0.00407
	MCFM h2mass: -1, 0
prop[2]: 1.7829e-11
TEvtProb::SetHiggsMass(500, -1, -1):
	hmass: 500, 68
	h2mass: -1, 0
	MCFM hmass: 500, 68
	MCFM h2mass: -1, 0
TEvtProb::SetHiggsMass(125, -1, -1):
	hmass: 125, 0.00407
	h2mass: -1, 0
	MCFM hmass: 125, 0.00407
	MCFM h2mass: -1, 0
prop[3]: 1.79236e-11
Removing Mela candidates
Summary:
Candidate 0
***** TUtil::PrintCandidateSummary *****
Candidate: 0x6063320
	Has 0 mothers
	Has 2 sorted Vs
		V0 (23) (X,Y,Z,T)=( -10.1385 , -24.3049 , -2365.68 , 2367.48 )
		- V00 (11) (X,Y,Z,T)=( 25.8378 , -28.8219 , -1895.36 , 1895.76 )
		- V01 (-11) (X,Y,Z,T)=( -35.9763 , 4.51697 , -470.324 , 471.719 )
		V1 (23) (X,Y,Z,T)=( 10.1385 , 24.3049 , -1387.99 , 1388.28 )
		- V10 (13) (X,Y,Z,T)=( 10.2898 , 25.2057 , -1365.23 , 1365.5 )
		- V11 (-13) (X,Y,Z,T)=( -0.151363 , -0.900776 , -22.7679 , 22.7862 )
	Has 0 leptons or neutrinos
	Has 0 photons
	Has 0 jets
	Has 0 tops

Removed...
