*******************************************************
Computing MEs for leptonic ZH
p0mplus: 2.84461e-06

p0g1prime2: 1.72637e-12

p0hplus: 9.30717e-05

p0minus: 8.30212e-05

p0gzgs1prime2: 1.23332e-12

p0hpluszgs: 0.00152043

p0mplus_selfD: 2.84461e-06

p0g1prime2_selfD: 1.72637e-12

p0hplus_selfD: 9.30717e-05

p0minus_selfD: 8.30212e-05

p0gzgs1prime2_selfD: 1.23332e-12

p0hpluszgs_selfD: 0.00152043

*******************************************************
*******************************************************
Computing MEs for leptonic WH
p0mplus: 4.05069e-06

p0g1prime2: 2.45833e-12

p0hplus: 0.000269095

p0minus: 0.000262514

p0gzgs1prime2: 0

p0hpluszgs: 0

p0mplus_selfD: 4.05069e-06

p0g1prime2_selfD: 2.45833e-12

p0hplus_selfD: 0.000269095

p0minus_selfD: 0.000262514

p0gzgs1prime2_selfD: 0

p0hpluszgs_selfD: 0

*******************************************************
*******************************************************
Computing MEs for hadronic ZH
p0mplus: 4.07334e-05

p0g1prime2: 2.47208e-11

p0hplus: 0.00130611

p0minus: 0.00115304

p0gzgs1prime2: 1.53695e-11

p0hpluszgs: 0.00392878

p0mplus_selfD: 4.07334e-05

p0g1prime2_selfD: 2.47208e-11

p0hplus_selfD: 0.00130611

p0minus_selfD: 0.00115304

p0gzgs1prime2_selfD: 1.53695e-11

p0hpluszgs_selfD: 0.00392878

*******************************************************
*******************************************************
Computing MEs for hadronic WH
p0mplus: 0.000113529

p0g1prime2: 6.88999e-11

p0hplus: 0.00602388

p0minus: 0.00531791

p0gzgs1prime2: 0

p0hpluszgs: 0

p0mplus_selfD: 0.000113529

p0g1prime2_selfD: 6.88999e-11

p0hplus_selfD: 0.00602388

p0minus_selfD: 0.00531791

p0gzgs1prime2_selfD: 0

p0hpluszgs_selfD: 0

*******************************************************
*******************************************************
Computing MEs for photonic GammaH
p0mplus: 0

p0g1prime2: 0

p0hplus: 0

p0minus: 0

p0gzgs1prime2: 0

p0hpluszgs: 41.9694

p0mplus_selfD: 0

p0g1prime2_selfD: 0

p0hplus_selfD: 0

p0minus_selfD: 0

p0gzgs1prime2_selfD: 0

p0hpluszgs_selfD: 41.9694

*******************************************************
Removed...
