MELA default scheme setting gives ME val: 3.5967e-07
Using scale scheme: 0
	- ME val: 3.40881e-07
Using scale scheme: 1
	- ME val: 3.39579e-07
Using scale scheme: 2
	- ME val: 3.5129e-07
Using scale scheme: 3
	- ME val: 3.4787e-07
Using scale scheme: 4
	- ME val: 3.2714e-07
Using scale scheme: 5
	- ME val: 3.25886e-07
Using scale scheme: 6
	- ME val: 3.07984e-07
Using scale scheme: 7
	- ME val: 3.18277e-07
Using scale scheme: 8
	- ME val: 3.40881e-07
Using scale scheme: 9
	- ME val: 2.84752e-07
Using scale scheme: 10
	- ME val: 2.93294e-07
Using scale scheme: 11
	- ME val: 3.40881e-07
Using scale scheme: 12
	- ME val: 2.90706e-07
Using scale scheme: 13
	- ME val: 3.14257e-07
Using scale scheme: 14
	- ME val: 3.23672e-07
Is MELA default scheme setting restored? 1
