*******************************************************
Computing MEs for hadronic VBF
p0mplus: 9.45859e-05

p0g1prime2: 8.93695e-12

p0hplus: 0.0035904

p0minus: 0.00362763

p0gzgs1prime2: 3.64606e-12

p0hpluszgs: 0.00871805

p0mplus_selfD: 9.45859e-05

p0mplus_selfD_CT: 9.45859e-05

p0g1prime2_selfD: 8.93695e-12

p0hplus_selfD: 0.0035904

p0minus_selfD: 0.00362763

p0gzgs1prime2_selfD: 3.64606e-12

p0hpluszgs_selfD: 0.00871805

*******************************************************
*******************************************************
Computing MEs for hadronic Z-BF
p0mplus_selfD: 2.83561e-05

p0mplus_selfD_CT: 2.83561e-05

*******************************************************
*******************************************************
Computing MEs for hadronic W-BF
p0mplus_selfD: 7.32595e-05

p0mplus_selfD_CT: 7.32595e-05

*******************************************************
Lab-frame VBF angles: -0.920611 0.947102 1.31017 0.523012 -1.29754 1861.74 27785.6
Complex VBF angles: 1.99998 -0.000857109 -0.748407 -0.000857792 1.31017 0.523012 -1.29754 1861.74 27785.6
Removed...
