Mela is initialized
Mela candidate decay mode initializing
Mela candidate decay mode initialized
Computing Prop(500 GeV) at mass=124.995
TEvtProb::SetHiggsMass(500, -1, -1):
	hmass: 500, 68
	h2mass: -1, 0
	MCFM hmass: 500, 68
	MCFM h2mass: -1, 0
TEvtProb::SetHiggsMass(125, -1, -1):
	hmass: 125, 0.00407
	h2mass: -1, 0
	MCFM hmass: 125, 0.00407
	MCFM h2mass: -1, 0
prop[0]: 1
TEvtProb::SetHiggsMass(500, -1, -1):
	hmass: 500, 68
	h2mass: -1, 0
	MCFM hmass: 500, 68
	MCFM h2mass: -1, 0
TEvtProb::SetHiggsMass(125, -1, -1):
	hmass: 125, 0.00407
	h2mass: -1, 0
	MCFM hmass: 125, 0.00407
	MCFM h2mass: -1, 0
prop[1]: 1.82027e-11
TEvtProb::SetHiggsMass(500, -1, -1):
	hmass: 500, 68
	h2mass: -1, 0
	MCFM hmass: 500, 68
	MCFM h2mass: -1, 0
TEvtProb::SetHiggsMass(125, -1, -1):
	hmass: 125, 0.00407
	h2mass: -1, 0
	MCFM hmass: 125, 0.00407
	MCFM h2mass: -1, 0
prop[2]: 1.7829e-11
TEvtProb::SetHiggsMass(500, -1, -1):
	hmass: 500, 68
	h2mass: -1, 0
	MCFM hmass: 500, 68
	MCFM h2mass: -1, 0
TEvtProb::SetHiggsMass(125, -1, -1):
	hmass: 125, 0.00407
	h2mass: -1, 0
	MCFM hmass: 125, 0.00407
	MCFM h2mass: -1, 0
prop[3]: 1.79236e-11
Removing Mela candidates
Summary:
Candidate 0
***** TUtil::PrintCandidateSummary *****
Candidate: 0xPOINTER
	Has 0 mothers
	Has 2 sorted Vs
		V0 (23) (X,Y,Z,T)=( -10.1385 , -24.3049 , -2365.68 , 2367.48 )
		- V00 (11) (X,Y,Z,T)=( 25.8378 , -28.8219 , -1895.36 , 1895.76 )
		- V01 (-11) (X,Y,Z,T)=( -35.9763 , 4.51697 , -470.324 , 471.719 )
		V1 (23) (X,Y,Z,T)=( 10.1385 , 24.3049 , -1387.99 , 1388.28 )
		- V10 (13) (X,Y,Z,T)=( 10.2898 , 25.2057 , -1365.23 , 1365.5 )
		- V11 (-13) (X,Y,Z,T)=( -0.151363 , -0.900776 , -22.7679 , 22.7862 )
	Has 0 leptons or neutrinos
	Has 0 photons
	Has 0 jets
	Has 0 tops

Removed...
